   Compiling spotix-core v0.1.0 (/app/spotix-core)
   Compiling spotix-gui v0.1.0 (/app/spotix-gui)
    Finished `test` profile [optimized + debuginfo] target(s) in 11.11s
     Running unittests src/lib.rs (target/debug/deps/spotix_core-d2a3780b1f4fbfef)

running 0 tests

test result: ok. 0 passed; 0 failed; 0 ignored; 0 measured; 0 filtered out; finished in 0.00s

     Running unittests src/main.rs (target/debug/deps/spotix-c968fdef50376c1f)

running 0 tests

test result: ok. 0 passed; 0 failed; 0 ignored; 0 measured; 0 filtered out; finished in 0.00s

   Doc-tests spotix_core

running 0 tests

test result: ok. 0 passed; 0 failed; 0 ignored; 0 measured; 0 filtered out; finished in 0.00s
